
Merging program properties

Removed property 0xc0000002 to merge kernel/start.o (0x3) and kernel/kernel.o (not found)
Removed property 0xc0000002 to merge kernel/start.o (not found) and kernel/main.o (0x3)
Removed property 0xc0000002 to merge kernel/start.o (not found) and kernel/clock.o (0x3)
Removed property 0xc0000002 to merge kernel/start.o (not found) and kernel/keyboard.o (0x3)
Removed property 0xc0000002 to merge kernel/start.o (not found) and kernel/tty.o (0x3)
Removed property 0xc0000002 to merge kernel/start.o (not found) and kernel/console.o (0x3)
Removed property 0xc0000002 to merge kernel/start.o (not found) and kernel/i8259.o (0x3)
Removed property 0xc0000002 to merge kernel/start.o (not found) and kernel/global.o (0x3)
Removed property 0xc0000002 to merge kernel/start.o (not found) and kernel/protect.o (0x3)
Removed property 0xc0000002 to merge kernel/start.o (not found) and kernel/proc.o (0x3)
Removed property 0xc0000002 to merge kernel/start.o (not found) and kernel/systask.o (0x3)
Removed property 0xc0000002 to merge kernel/start.o (not found) and kernel/hd.o (0x3)
Removed property 0xc0000002 to merge kernel/start.o (not found) and lib/game.o (0x3)
Removed property 0xc0000002 to merge kernel/start.o (not found) and lib/printf.o (0x3)
Removed property 0xc0000002 to merge kernel/start.o (not found) and lib/vsprintf.o (0x3)
Removed property 0xc0000002 to merge kernel/start.o (not found) and lib/klib.o (0x3)
Removed property 0xc0000002 to merge kernel/start.o (not found) and lib/misc.o (0x3)
Removed property 0xc0000002 to merge kernel/start.o (not found) and lib/open.o (0x3)
Removed property 0xc0000002 to merge kernel/start.o (not found) and lib/read.o (0x3)
Removed property 0xc0000002 to merge kernel/start.o (not found) and lib/write.o (0x3)
Removed property 0xc0000002 to merge kernel/start.o (not found) and lib/close.o (0x3)
Removed property 0xc0000002 to merge kernel/start.o (not found) and lib/unlink.o (0x3)
Removed property 0xc0000002 to merge kernel/start.o (not found) and lib/getpid.o (0x3)
Removed property 0xc0000002 to merge kernel/start.o (not found) and lib/syslog.o (0x3)
Removed property 0xc0000002 to merge kernel/start.o (not found) and fs/main.o (0x3)
Removed property 0xc0000002 to merge kernel/start.o (not found) and fs/open.o (0x3)
Removed property 0xc0000002 to merge kernel/start.o (not found) and fs/misc.o (0x3)
Removed property 0xc0000002 to merge kernel/start.o (not found) and fs/read_write.o (0x3)
Removed property 0xc0000002 to merge kernel/start.o (not found) and fs/link.o (0x3)
Removed property 0xc0000002 to merge kernel/start.o (not found) and fs/disklog.o (0x3)

分配公共符号
公共符号            大小              文件

idt_ptr             0x6               kernel/global.o
current_year        0x4               lib/game.o
inode_table         0xb00             kernel/global.o
task_stack          0x38000           kernel/global.o
k_reenter           0x4               kernel/global.o
gdt                 0x400             kernel/global.o
month               0x4               lib/game.o
current_console     0x4               kernel/global.o
pcaller             0x4               kernel/global.o
isp                 0x200             lib/game.o
tty_table           0xc6c             kernel/global.o
blocks              0x3200            kernel/main.o
tss                 0x68              kernel/global.o
fs_msg              0x30              kernel/global.o
f_desc_table        0x300             kernel/global.o
root_inode          0x4               kernel/global.o
icp                 0x200             lib/game.o
current_month       0x4               lib/game.o
disp_pos            0x4               kernel/global.o
key_pressed         0x4               kernel/global.o
gdt_ptr             0x6               kernel/global.o
chess_board         0x190             lib/game.o
idt                 0x800             kernel/global.o
color               0x4               lib/game.o
super_block         0x1e0             kernel/global.o
year                0x4               lib/game.o
PARTITION_ENTRY     0x10              kernel/hd.o
ticks               0x4               kernel/global.o
day                 0x4               lib/game.o
show                0x79              lib/game.o
console_table       0x3c              kernel/global.o
IDLog               0x190             kernel/main.o
irq_table           0x40              kernel/global.o
p_proc_ready        0x4               kernel/global.o
proc_table          0xb0c             kernel/global.o
current_day         0x4               lib/game.o
mine                0x79              lib/game.o

舍弃的输入节

 .group         0x0000000000000000        0x8 kernel/start.o
 .note.GNU-stack
                0x0000000000000000        0x0 kernel/start.o
 .note.gnu.property
                0x0000000000000000       0x1c kernel/start.o
 .group         0x0000000000000000        0x8 kernel/main.o
 .group         0x0000000000000000        0x8 kernel/main.o
 .text.__x86.get_pc_thunk.bx
                0x0000000000000000        0x4 kernel/main.o
 .note.GNU-stack
                0x0000000000000000        0x0 kernel/main.o
 .note.gnu.property
                0x0000000000000000       0x1c kernel/main.o
 .group         0x0000000000000000        0x8 kernel/clock.o
 .group         0x0000000000000000        0x8 kernel/clock.o
 .text.__x86.get_pc_thunk.ax
                0x0000000000000000        0x4 kernel/clock.o
 .text.__x86.get_pc_thunk.bx
                0x0000000000000000        0x4 kernel/clock.o
 .note.GNU-stack
                0x0000000000000000        0x0 kernel/clock.o
 .note.gnu.property
                0x0000000000000000       0x1c kernel/clock.o
 .group         0x0000000000000000        0x8 kernel/keyboard.o
 .text.__x86.get_pc_thunk.bx
                0x0000000000000000        0x4 kernel/keyboard.o
 .note.GNU-stack
                0x0000000000000000        0x0 kernel/keyboard.o
 .note.gnu.property
                0x0000000000000000       0x1c kernel/keyboard.o
 .group         0x0000000000000000        0x8 kernel/tty.o
 .group         0x0000000000000000        0x8 kernel/tty.o
 .text.__x86.get_pc_thunk.ax
                0x0000000000000000        0x4 kernel/tty.o
 .text.__x86.get_pc_thunk.bx
                0x0000000000000000        0x4 kernel/tty.o
 .note.GNU-stack
                0x0000000000000000        0x0 kernel/tty.o
 .note.gnu.property
                0x0000000000000000       0x1c kernel/tty.o
 .group         0x0000000000000000        0x8 kernel/console.o
 .group         0x0000000000000000        0x8 kernel/console.o
 .group         0x0000000000000000        0x8 kernel/console.o
 .group         0x0000000000000000        0x8 kernel/console.o
 .text.__x86.get_pc_thunk.ax
                0x0000000000000000        0x4 kernel/console.o
 .text.__x86.get_pc_thunk.bx
                0x0000000000000000        0x4 kernel/console.o
 .note.GNU-stack
                0x0000000000000000        0x0 kernel/console.o
 .note.gnu.property
                0x0000000000000000       0x1c kernel/console.o
 .group         0x0000000000000000        0x8 kernel/i8259.o
 .text.__x86.get_pc_thunk.bx
                0x0000000000000000        0x4 kernel/i8259.o
 .note.GNU-stack
                0x0000000000000000        0x0 kernel/i8259.o
 .note.gnu.property
                0x0000000000000000       0x1c kernel/i8259.o
 .note.GNU-stack
                0x0000000000000000        0x0 kernel/global.o
 .note.gnu.property
                0x0000000000000000       0x1c kernel/global.o
 .group         0x0000000000000000        0x8 kernel/protect.o
 .group         0x0000000000000000        0x8 kernel/protect.o
 .text.__x86.get_pc_thunk.ax
                0x0000000000000000        0x4 kernel/protect.o
 .text.__x86.get_pc_thunk.bx
                0x0000000000000000        0x4 kernel/protect.o
 .note.GNU-stack
                0x0000000000000000        0x0 kernel/protect.o
 .note.gnu.property
                0x0000000000000000       0x1c kernel/protect.o
 .group         0x0000000000000000        0x8 kernel/proc.o
 .group         0x0000000000000000        0x8 kernel/proc.o
 .group         0x0000000000000000        0x8 kernel/proc.o
 .text.__x86.get_pc_thunk.ax
                0x0000000000000000        0x4 kernel/proc.o
 .text.__x86.get_pc_thunk.dx
                0x0000000000000000        0x4 kernel/proc.o
 .text.__x86.get_pc_thunk.bx
                0x0000000000000000        0x4 kernel/proc.o
 .note.GNU-stack
                0x0000000000000000        0x0 kernel/proc.o
 .note.gnu.property
                0x0000000000000000       0x1c kernel/proc.o
 .group         0x0000000000000000        0x8 kernel/systask.o
 .text.__x86.get_pc_thunk.bx
                0x0000000000000000        0x4 kernel/systask.o
 .note.GNU-stack
                0x0000000000000000        0x0 kernel/systask.o
 .note.gnu.property
                0x0000000000000000       0x1c kernel/systask.o
 .group         0x0000000000000000        0x8 kernel/hd.o
 .group         0x0000000000000000        0x8 kernel/hd.o
 .text.__x86.get_pc_thunk.ax
                0x0000000000000000        0x4 kernel/hd.o
 .text.__x86.get_pc_thunk.bx
                0x0000000000000000        0x4 kernel/hd.o
 .note.GNU-stack
                0x0000000000000000        0x0 kernel/hd.o
 .note.gnu.property
                0x0000000000000000       0x1c kernel/hd.o
 .group         0x0000000000000000        0x8 lib/game.o
 .group         0x0000000000000000        0x8 lib/game.o
 .group         0x0000000000000000        0x8 lib/game.o
 .group         0x0000000000000000        0x8 lib/game.o
 .text.__x86.get_pc_thunk.ax
                0x0000000000000000        0x4 lib/game.o
 .text.__x86.get_pc_thunk.dx
                0x0000000000000000        0x4 lib/game.o
 .text.__x86.get_pc_thunk.cx
                0x0000000000000000        0x4 lib/game.o
 .text.__x86.get_pc_thunk.bx
                0x0000000000000000        0x4 lib/game.o
 .note.GNU-stack
                0x0000000000000000        0x0 lib/game.o
 .note.gnu.property
                0x0000000000000000       0x1c lib/game.o
 .group         0x0000000000000000        0x8 lib/printf.o
 .text.__x86.get_pc_thunk.bx
                0x0000000000000000        0x4 lib/printf.o
 .note.GNU-stack
                0x0000000000000000        0x0 lib/printf.o
 .note.gnu.property
                0x0000000000000000       0x1c lib/printf.o
 .group         0x0000000000000000        0x8 lib/vsprintf.o
 .group         0x0000000000000000        0x8 lib/vsprintf.o
 .text.__x86.get_pc_thunk.ax
                0x0000000000000000        0x4 lib/vsprintf.o
 .text.__x86.get_pc_thunk.bx
                0x0000000000000000        0x4 lib/vsprintf.o
 .note.GNU-stack
                0x0000000000000000        0x0 lib/vsprintf.o
 .note.gnu.property
                0x0000000000000000       0x1c lib/vsprintf.o
 .group         0x0000000000000000        0x8 lib/klib.o
 .group         0x0000000000000000        0x8 lib/klib.o
 .text.__x86.get_pc_thunk.ax
                0x0000000000000000        0x4 lib/klib.o
 .text.__x86.get_pc_thunk.bx
                0x0000000000000000        0x4 lib/klib.o
 .note.GNU-stack
                0x0000000000000000        0x0 lib/klib.o
 .note.gnu.property
                0x0000000000000000       0x1c lib/klib.o
 .group         0x0000000000000000        0x8 lib/misc.o
 .group         0x0000000000000000        0x8 lib/misc.o
 .text.__x86.get_pc_thunk.ax
                0x0000000000000000        0x4 lib/misc.o
 .text.__x86.get_pc_thunk.bx
                0x0000000000000000        0x4 lib/misc.o
 .note.GNU-stack
                0x0000000000000000        0x0 lib/misc.o
 .note.gnu.property
                0x0000000000000000       0x1c lib/misc.o
 .group         0x0000000000000000        0x8 lib/open.o
 .text.__x86.get_pc_thunk.bx
                0x0000000000000000        0x4 lib/open.o
 .note.GNU-stack
                0x0000000000000000        0x0 lib/open.o
 .note.gnu.property
                0x0000000000000000       0x1c lib/open.o
 .group         0x0000000000000000        0x8 lib/read.o
 .text.__x86.get_pc_thunk.ax
                0x0000000000000000        0x4 lib/read.o
 .note.GNU-stack
                0x0000000000000000        0x0 lib/read.o
 .note.gnu.property
                0x0000000000000000       0x1c lib/read.o
 .group         0x0000000000000000        0x8 lib/write.o
 .text.__x86.get_pc_thunk.ax
                0x0000000000000000        0x4 lib/write.o
 .note.GNU-stack
                0x0000000000000000        0x0 lib/write.o
 .note.gnu.property
                0x0000000000000000       0x1c lib/write.o
 .group         0x0000000000000000        0x8 lib/close.o
 .text.__x86.get_pc_thunk.ax
                0x0000000000000000        0x4 lib/close.o
 .note.GNU-stack
                0x0000000000000000        0x0 lib/close.o
 .note.gnu.property
                0x0000000000000000       0x1c lib/close.o
 .group         0x0000000000000000        0x8 lib/unlink.o
 .text.__x86.get_pc_thunk.bx
                0x0000000000000000        0x4 lib/unlink.o
 .note.GNU-stack
                0x0000000000000000        0x0 lib/unlink.o
 .note.gnu.property
                0x0000000000000000       0x1c lib/unlink.o
 .group         0x0000000000000000        0x8 lib/getpid.o
 .text.__x86.get_pc_thunk.bx
                0x0000000000000000        0x4 lib/getpid.o
 .note.GNU-stack
                0x0000000000000000        0x0 lib/getpid.o
 .note.gnu.property
                0x0000000000000000       0x1c lib/getpid.o
 .group         0x0000000000000000        0x8 lib/syslog.o
 .text.__x86.get_pc_thunk.bx
                0x0000000000000000        0x4 lib/syslog.o
 .note.GNU-stack
                0x0000000000000000        0x0 lib/syslog.o
 .note.gnu.property
                0x0000000000000000       0x1c lib/syslog.o
 .group         0x0000000000000000        0x8 fs/main.o
 .group         0x0000000000000000        0x8 fs/main.o
 .text.__x86.get_pc_thunk.ax
                0x0000000000000000        0x4 fs/main.o
 .text.__x86.get_pc_thunk.bx
                0x0000000000000000        0x4 fs/main.o
 .note.GNU-stack
                0x0000000000000000        0x0 fs/main.o
 .note.gnu.property
                0x0000000000000000       0x1c fs/main.o
 .group         0x0000000000000000        0x8 fs/open.o
 .group         0x0000000000000000        0x8 fs/open.o
 .text.__x86.get_pc_thunk.ax
                0x0000000000000000        0x4 fs/open.o
 .text.__x86.get_pc_thunk.bx
                0x0000000000000000        0x4 fs/open.o
 .note.GNU-stack
                0x0000000000000000        0x0 fs/open.o
 .note.gnu.property
                0x0000000000000000       0x1c fs/open.o
 .group         0x0000000000000000        0x8 fs/misc.o
 .group         0x0000000000000000        0x8 fs/misc.o
 .text.__x86.get_pc_thunk.cx
                0x0000000000000000        0x4 fs/misc.o
 .text.__x86.get_pc_thunk.bx
                0x0000000000000000        0x4 fs/misc.o
 .note.GNU-stack
                0x0000000000000000        0x0 fs/misc.o
 .note.gnu.property
                0x0000000000000000       0x1c fs/misc.o
 .group         0x0000000000000000        0x8 fs/read_write.o
 .text.__x86.get_pc_thunk.bx
                0x0000000000000000        0x4 fs/read_write.o
 .note.GNU-stack
                0x0000000000000000        0x0 fs/read_write.o
 .note.gnu.property
                0x0000000000000000       0x1c fs/read_write.o
 .group         0x0000000000000000        0x8 fs/link.o
 .text.__x86.get_pc_thunk.bx
                0x0000000000000000        0x4 fs/link.o
 .note.GNU-stack
                0x0000000000000000        0x0 fs/link.o
 .note.gnu.property
                0x0000000000000000       0x1c fs/link.o
 .group         0x0000000000000000        0x8 fs/disklog.o
 .text.__x86.get_pc_thunk.bx
                0x0000000000000000        0x4 fs/disklog.o
 .note.GNU-stack
                0x0000000000000000        0x0 fs/disklog.o
 .note.gnu.property
                0x0000000000000000       0x1c fs/disklog.o

内存配置

名称           来源             长度             属性
*default*        0x0000000000000000 0xffffffffffffffff

链结器命令稿和内存映射

段 .text 的地址设置为 0x1000
LOAD kernel/kernel.o
LOAD lib/syscall.o
LOAD kernel/start.o
LOAD kernel/main.o
LOAD kernel/clock.o
LOAD kernel/keyboard.o
LOAD kernel/tty.o
LOAD kernel/console.o
LOAD kernel/i8259.o
LOAD kernel/global.o
LOAD kernel/protect.o
LOAD kernel/proc.o
LOAD kernel/systask.o
LOAD kernel/hd.o
LOAD lib/game.o
LOAD lib/printf.o
LOAD lib/vsprintf.o
LOAD lib/kliba.o
LOAD lib/klib.o
LOAD lib/string.o
LOAD lib/misc.o
LOAD lib/open.o
LOAD lib/read.o
LOAD lib/write.o
LOAD lib/close.o
LOAD lib/unlink.o
LOAD lib/getpid.o
LOAD lib/syslog.o
LOAD fs/main.o
LOAD fs/open.o
LOAD fs/misc.o
LOAD fs/read_write.o
LOAD fs/link.o
LOAD fs/disklog.o
                [!provide]                        PROVIDE (__executable_start = SEGMENT_START ("text-segment", 0x8048000))
                0x00000000080480d4                . = (SEGMENT_START ("text-segment", 0x8048000) + SIZEOF_HEADERS)

.interp
 *(.interp)

.note.gnu.build-id
 *(.note.gnu.build-id)

.hash
 *(.hash)

.gnu.hash
 *(.gnu.hash)

.dynsym
 *(.dynsym)

.dynstr
 *(.dynstr)

.gnu.version
 *(.gnu.version)

.gnu.version_d
 *(.gnu.version_d)

.gnu.version_r
 *(.gnu.version_r)

.rel.dyn        0x00000000080480d4        0x0
 *(.rel.init)
 *(.rel.text .rel.text.* .rel.gnu.linkonce.t.*)
 .rel.text      0x00000000080480d4        0x0 kernel/kernel.o
 *(.rel.fini)
 *(.rel.rodata .rel.rodata.* .rel.gnu.linkonce.r.*)
 *(.rel.data.rel.ro .rel.data.rel.ro.* .rel.gnu.linkonce.d.rel.ro.*)
 *(.rel.data .rel.data.* .rel.gnu.linkonce.d.*)
 *(.rel.tdata .rel.tdata.* .rel.gnu.linkonce.td.*)
 *(.rel.tbss .rel.tbss.* .rel.gnu.linkonce.tb.*)
 *(.rel.ctors)
 *(.rel.dtors)
 *(.rel.got)
 .rel.got       0x00000000080480d4        0x0 kernel/kernel.o
 *(.rel.bss .rel.bss.* .rel.gnu.linkonce.b.*)
 *(.rel.ifunc)

.rel.plt        0x00000000080480d4        0x0
 *(.rel.plt)
                [!provide]                        PROVIDE (__rel_iplt_start = .)
 *(.rel.iplt)
 .rel.iplt      0x00000000080480d4        0x0 kernel/kernel.o
                [!provide]                        PROVIDE (__rel_iplt_end = .)
                0x0000000008049000                . = ALIGN (CONSTANT (MAXPAGESIZE))

.init
 *(SORT_NONE(.init))

.plt            0x0000000008049000        0x0
 *(.plt)
 *(.iplt)
 .iplt          0x0000000008049000        0x0 kernel/kernel.o

.plt.got
 *(.plt.got)

.plt.sec
 *(.plt.sec)

.text           0x0000000000001000    0x12de6
 *(.text.unlikely .text.*_unlikely .text.unlikely.*)
 *(.text.exit .text.exit.*)
 *(.text.startup .text.startup.*)
 *(.text.hot .text.hot.*)
 *(SORT_BY_NAME(.text.sorted.*))
 *(.text .stub .text.* .gnu.linkonce.t.*)
 .text          0x0000000000001000      0x410 kernel/kernel.o
                0x0000000000001000                _start
                0x0000000000001040                hwint00
                0x0000000000001070                hwint01
                0x00000000000010a0                hwint02
                0x00000000000010d0                hwint03
                0x0000000000001100                hwint04
                0x0000000000001130                hwint05
                0x0000000000001160                hwint06
                0x0000000000001190                hwint07
                0x00000000000011c0                hwint08
                0x00000000000011f0                hwint09
                0x0000000000001220                hwint10
                0x0000000000001250                hwint11
                0x0000000000001280                hwint12
                0x00000000000012b0                hwint13
                0x00000000000012e0                hwint14
                0x0000000000001310                hwint15
                0x0000000000001334                divide_error
                0x000000000000133a                single_step_exception
                0x0000000000001340                nmi
                0x0000000000001346                breakpoint_exception
                0x000000000000134c                overflow
                0x0000000000001352                bounds_check
                0x0000000000001358                inval_opcode
                0x000000000000135e                copr_not_available
                0x0000000000001364                double_fault
                0x0000000000001368                copr_seg_overrun
                0x000000000000136e                inval_tss
                0x0000000000001372                segment_not_present
                0x0000000000001376                stack_exception
                0x000000000000137a                general_protection
                0x000000000000137e                page_fault
                0x0000000000001382                copr_error
                0x00000000000013cb                sys_call
                0x00000000000013eb                restart
 .text          0x0000000000001410       0x28 lib/syscall.o
                0x0000000000001410                sendrec
                0x000000000000142a                printx
 .text          0x0000000000001438       0xc7 kernel/start.o
                0x0000000000001438                cstart
 .text.__x86.get_pc_thunk.bx
                0x00000000000014ff        0x4 kernel/start.o
                0x00000000000014ff                __x86.get_pc_thunk.bx
 .text          0x0000000000001503     0x413d kernel/main.o
                0x0000000000001503                kernel_main
                0x00000000000017ba                get_ticks
                0x0000000000001801                clear
                0x000000000000188d                TestA
                0x0000000000001dcd                TestB
                0x0000000000001e93                TestC
                0x0000000000001ec2                panic
                0x0000000000001f20                ProcessManager
                0x0000000000002179                ProcessInfo
                0x000000000000227d                ShowCommands
                0x0000000000002425                CreateProcess
                0x00000000000024dc                KillProcess
                0x00000000000025d7                commands
                0x00000000000027b5                about
                0x000000000000294b                FsShowCmd
                0x0000000000002b05                InitBlock
                0x0000000000002b9c                toStr3
                0x0000000000002c80                WriteDisk
                0x00000000000030be                toInt
                0x0000000000003115                ReadDisk
                0x0000000000003412                FSinit
                0x00000000000034ea                CreateFIle
                0x0000000000003752                showFileList
                0x0000000000003918                SearchFile
                0x00000000000039bf                ReturnFile
                0x00000000000039ec                DeleteFile
                0x0000000000003c46                filemanagerprocess
                0x00000000000045a0                gamesquare
                0x000000000000476c                Booting
 .text.__x86.get_pc_thunk.ax
                0x0000000000005640        0x4 kernel/main.o
                0x0000000000005640                __x86.get_pc_thunk.ax
 .text          0x0000000000005644      0x1aa kernel/clock.o
                0x0000000000005644                clock_handler
                0x00000000000056ec                milli_delay
                0x000000000000572b                init_clock
                0x0000000000005798                my_rand
                0x00000000000057d1                my_rand_seed
 .text          0x00000000000057ee      0x7bc kernel/keyboard.o
                0x00000000000057ee                keyboard_handler
                0x0000000000005877                init_keyboard
                0x0000000000005945                keyboard_read
 .text          0x0000000000005faa      0xaf0 kernel/tty.o
                0x0000000000005faa                task_tty
                0x00000000000061a0                in_process
                0x0000000000006736                sys_printx
                0x0000000000006904                dump_tty_buf
 .text          0x0000000000006a9a      0x8b4 kernel/console.o
                0x0000000000006a9a                init_screen
                0x0000000000006c2f                out_char
                0x0000000000006ef1                clear_screen
                0x0000000000006f3a                is_current_console
                0x0000000000007067                select_console
                0x00000000000070be                scroll_screen
 .text.__x86.get_pc_thunk.dx
                0x000000000000734e        0x4 kernel/console.o
                0x000000000000734e                __x86.get_pc_thunk.dx
 .text.__x86.get_pc_thunk.cx
                0x0000000000007352        0x4 kernel/console.o
                0x0000000000007352                __x86.get_pc_thunk.cx
 .text          0x0000000000007356      0x174 kernel/i8259.o
                0x0000000000007356                init_8259A
                0x0000000000007443                spurious_irq
                0x0000000000007491                put_irq_handler
 .text          0x00000000000074ca        0x0 kernel/global.o
 .text          0x00000000000074ca      0x6d7 kernel/protect.o
                0x00000000000074ca                init_prot
                0x000000000000796b                seg2phys
                0x0000000000007a46                exception_handler
 .text          0x0000000000007ba1     0x1a46 kernel/proc.o
                0x0000000000007ba1                schedule
                0x0000000000007c5a                sys_sendrec
                0x0000000000007da7                send_recv
                0x0000000000007e7f                ldt_seg_linear
                0x0000000000007ed7                va2la
                0x0000000000007f54                reset_msg
                0x0000000000008f57                inform_int
                0x0000000000009108                dump_proc
                0x00000000000094b2                dump_msg
 .text          0x00000000000095e7       0x9a kernel/systask.o
                0x00000000000095e7                task_sys
 .text          0x0000000000009681     0x1029 kernel/hd.o
                0x0000000000009681                task_hd
                0x000000000000a66b                hd_handler
 .text          0x000000000000a6aa     0x4939 lib/game.o
                0x000000000000a6aa                judgement
                0x000000000000a71c                week_print
                0x000000000000a887                year_show
                0x000000000000ab34                month_show
                0x000000000000ae57                calendar
                0x000000000000b028                numinit
                0x000000000000b14b                welcome
                0x000000000000b244                number_guessing
                0x000000000000b3e9                boxwelcome
                0x000000000000b483                boxinit
                0x000000000000b58b                boxprint
                0x000000000000b67b                move
                0x000000000000b8d4                push_box
                0x000000000000ba2d                main_c
                0x000000000000bae6                FourChess
                0x000000000000ca8c                main_
                0x000000000000cb07                game
                0x000000000000cdf9                display
                0x000000000000ce74                init_mine
                0x000000000000ced7                init_show
                0x000000000000cf3a                win_judge
                0x000000000000d020                output_board
                0x000000000000d1ee                set_mine
                0x000000000000d2cc                open_mine
                0x000000000000d410                get_num
                0x000000000000d494                set_num
                0x000000000000d530                calmain
                0x000000000000d5f5                calculate
                0x000000000000d80b                Init_p
                0x000000000000d977                Init
                0x000000000000d9a0                isEmpty
                0x000000000000d9c9                Push
                0x000000000000da00                Pop
                0x000000000000da2d                GetTop
                0x000000000000da64                jud
                0x000000000000db02                calc
                0x000000000000dc4b                deal_ope
                0x000000000000dcd1                left
                0x000000000000de64                right
                0x000000000000dff7                up
                0x000000000000e15a                down
                0x000000000000e2bd                next
                0x000000000000e3e3                output
                0x000000000000e56c                g2048
                0x000000000000e77f                start
                0x000000000000e8cd                showtime
                0x000000000000ea45                timer
                0x000000000000ec37                countdown_timer
                0x000000000000ed48                srp
 .text          0x000000000000efe3       0xd9 lib/printf.o
                0x000000000000efe3                printf
                0x000000000000f067                printl
 .text          0x000000000000f0bc      0x340 lib/vsprintf.o
                0x000000000000f130                vsprintf
                0x000000000000f3c8                sprintf
 *fill*         0x000000000000f3fc        0x4 
 .text          0x000000000000f400      0x19a lib/kliba.o
                0x000000000000f400                disp_str
                0x000000000000f43e                disp_color_str
                0x000000000000f47d                out_byte
                0x000000000000f489                in_byte
                0x000000000000f493                port_read
                0x000000000000f4a6                port_write
                0x000000000000f4b9                disable_irq
                0x000000000000f4ee                enable_irq
                0x000000000000f50d                disable_int
                0x000000000000f50f                enable_int
                0x000000000000f511                glitter
 .text          0x000000000000f59a      0x206 lib/klib.o
                0x000000000000f59a                itoa
                0x000000000000f653                atoi
                0x000000000000f710                disp_int
                0x000000000000f74a                delay
 .text          0x000000000000f7a0       0x78 lib/string.o
                0x000000000000f7a0                memcpy
                0x000000000000f7c9                memset
                0x000000000000f7ea                strcpy
                0x000000000000f802                strlen
 .text          0x000000000000f818      0x1e8 lib/misc.o
                0x000000000000f818                memcmp
                0x000000000000f898                strcmp
                0x000000000000f915                strcat
                0x000000000000f982                spin
                0x000000000000f9b0                assertion_failure
 .text          0x000000000000fa00       0x7c lib/open.o
                0x000000000000fa00                open
 .text          0x000000000000fa7c       0x4b lib/read.o
                0x000000000000fa7c                read
 .text          0x000000000000fac7       0x4b lib/write.o
                0x000000000000fac7                write
 .text          0x000000000000fb12       0x3f lib/close.o
                0x000000000000fb12                close
 .text          0x000000000000fb51       0x4f lib/unlink.o
                0x000000000000fb51                unlink
 .text          0x000000000000fba0       0x5f lib/getpid.o
                0x000000000000fba0                getpid
 .text          0x000000000000fbff       0xec lib/syslog.o
                0x000000000000fbff                syslog
 .text          0x000000000000fceb      0xeed fs/main.o
                0x000000000000fceb                task_fs
                0x0000000000010620                rw_sector
                0x000000000001087d                get_super_block
                0x00000000000108e3                get_inode
                0x0000000000010a69                put_inode
                0x0000000000010ac1                sync_inode
 .text          0x0000000000010bd8      0xbdf fs/open.o
                0x0000000000010bd8                do_open
                0x00000000000110a6                do_close
                0x0000000000011122                do_lseek
 .text          0x00000000000117b7      0x20a fs/misc.o
                0x00000000000117b7                search_file
                0x0000000000011924                strip_path
 .text          0x00000000000119c1      0x552 fs/read_write.o
                0x00000000000119c1                do_rdwt
 .text          0x0000000000011f13      0x891 fs/link.o
                0x0000000000011f13                do_unlink
 .text          0x00000000000127a4     0x1642 fs/disklog.o
                0x00000000000127a4                do_disklog
                0x0000000000012862                disklog
                0x0000000000012da1                dump_fd_graph
 *(.gnu.warning)

.fini
 *(SORT_NONE(.fini))
                [!provide]                        PROVIDE (__etext = .)
                [!provide]                        PROVIDE (_etext = .)
                [!provide]                        PROVIDE (etext = .)
                0x0000000000014000                . = ALIGN (CONSTANT (MAXPAGESIZE))
                0x0000000000014000                . = SEGMENT_START ("rodata-segment", (ALIGN (CONSTANT (MAXPAGESIZE)) + (. & (CONSTANT (MAXPAGESIZE) - 0x1))))

.rodata         0x0000000000014000     0x5f7f
 *(.rodata .rodata.* .gnu.linkonce.r.*)
 .rodata        0x0000000000014000       0x47 kernel/start.o
 *fill*         0x0000000000014047        0x1 
 .rodata        0x0000000000014048     0x2be8 kernel/main.o
 .rodata        0x0000000000016c30       0x64 kernel/keyboard.o
 .rodata        0x0000000000016c94      0x13c kernel/tty.o
 .rodata        0x0000000000016dd0       0x5b kernel/console.o
 .rodata        0x0000000000016e2b       0x11 kernel/i8259.o
 .rodata        0x0000000000016e3c        0x4 kernel/global.o
                0x0000000000016e3c                FSBUF_SIZE
 .rodata        0x0000000000016e40      0x540 kernel/protect.o
 .rodata        0x0000000000017380      0x62e kernel/proc.o
 .rodata        0x00000000000179ae       0x11 kernel/systask.o
 *fill*         0x00000000000179bf        0x1 
 .rodata        0x00000000000179c0      0x1a6 kernel/hd.o
 *fill*         0x0000000000017b66       0x1a 
 .rodata        0x0000000000017b80     0x16b0 lib/game.o
                0x00000000000183a0                dir
 .rodata        0x0000000000019230       0x14 lib/printf.o
 .rodata        0x0000000000019244       0x61 lib/misc.o
 .rodata        0x00000000000192a5       0x23 lib/open.o
 .rodata        0x00000000000192c8       0x25 lib/getpid.o
 .rodata        0x00000000000192ed       0x32 lib/syslog.o
 *fill*         0x000000000001931f        0x1 
 .rodata        0x0000000000019320      0x1fa fs/main.o
 *fill*         0x000000000001951a        0x2 
 .rodata        0x000000000001951c      0x138 fs/open.o
 .rodata        0x0000000000019654      0x164 fs/read_write.o
 .rodata        0x00000000000197b8      0x19d fs/link.o
 *fill*         0x0000000000019955        0x3 
 .rodata        0x0000000000019958      0x627 fs/disklog.o

.rodata1
 *(.rodata1)

.eh_frame_hdr
 *(.eh_frame_hdr)
 *(.eh_frame_entry .eh_frame_entry.*)

.eh_frame       0x0000000000019f80     0x1ca8
 *(.eh_frame)
 .eh_frame      0x0000000000019f80       0x50 kernel/start.o
 .eh_frame      0x0000000000019fd0      0x418 kernel/main.o
                                        0x444 (松开之前的大小)
 .eh_frame      0x000000000001a3e8       0xac kernel/clock.o
                                         0xec (松开之前的大小)
 .eh_frame      0x000000000001a494       0xfc kernel/keyboard.o
                                        0x128 (松开之前的大小)
 .eh_frame      0x000000000001a590      0x15c kernel/tty.o
                                        0x19c (松开之前的大小)
 .eh_frame      0x000000000001a6ec      0x180 kernel/console.o
                                        0x1c0 (松开之前的大小)
 .eh_frame      0x000000000001a86c       0x6c kernel/i8259.o
                                         0x98 (松开之前的大小)
 .eh_frame      0x000000000001a8d8       0xb8 kernel/protect.o
                                         0xf8 (松开之前的大小)
 .eh_frame      0x000000000001a990      0x20c kernel/proc.o
                                        0x260 (松开之前的大小)
 .eh_frame      0x000000000001ab9c       0x1c kernel/systask.o
                                         0x48 (松开之前的大小)
 .eh_frame      0x000000000001abb8      0x22c kernel/hd.o
                                        0x26c (松开之前的大小)
 .eh_frame      0x000000000001ade4      0x7b4 lib/game.o
                                        0x81c (松开之前的大小)
 .eh_frame      0x000000000001b598       0x48 lib/printf.o
                                         0x74 (松开之前的大小)
 .eh_frame      0x000000000001b5e0       0x68 lib/vsprintf.o
                                         0xa8 (松开之前的大小)
 .eh_frame      0x000000000001b648       0x84 lib/klib.o
                                         0xc4 (松开之前的大小)
 .eh_frame      0x000000000001b6cc       0xa0 lib/misc.o
                                         0xe0 (松开之前的大小)
 .eh_frame      0x000000000001b76c       0x24 lib/open.o
                                         0x50 (松开之前的大小)
 .eh_frame      0x000000000001b790       0x24 lib/read.o
                                         0x50 (松开之前的大小)
 .eh_frame      0x000000000001b7b4       0x24 lib/write.o
                                         0x50 (松开之前的大小)
 .eh_frame      0x000000000001b7d8       0x24 lib/close.o
                                         0x50 (松开之前的大小)
 .eh_frame      0x000000000001b7fc       0x24 lib/unlink.o
                                         0x50 (松开之前的大小)
 .eh_frame      0x000000000001b820       0x24 lib/getpid.o
                                         0x50 (松开之前的大小)
 .eh_frame      0x000000000001b844       0x24 lib/syslog.o
                                         0x50 (松开之前的大小)
 .eh_frame      0x000000000001b868      0x150 fs/main.o
                                        0x190 (松开之前的大小)
 .eh_frame      0x000000000001b9b8      0x13c fs/open.o
                                        0x17c (松开之前的大小)
 .eh_frame      0x000000000001baf4       0x50 fs/misc.o
                                         0x90 (松开之前的大小)
 .eh_frame      0x000000000001bb44       0x30 fs/read_write.o
                                         0x5c (松开之前的大小)
 .eh_frame      0x000000000001bb74       0x30 fs/link.o
                                         0x5c (松开之前的大小)
 .eh_frame      0x000000000001bba4       0x84 fs/disklog.o
                                         0xb0 (松开之前的大小)
 *(.eh_frame.*)

.gcc_except_table
 *(.gcc_except_table .gcc_except_table.*)

.gnu_extab
 *(.gnu_extab*)

.exception_ranges
 *(.exception_ranges*)
                0x000000000001d000                . = DATA_SEGMENT_ALIGN (CONSTANT (MAXPAGESIZE), CONSTANT (COMMONPAGESIZE))

.eh_frame
 *(.eh_frame)
 *(.eh_frame.*)

.gnu_extab
 *(.gnu_extab)

.gcc_except_table
 *(.gcc_except_table .gcc_except_table.*)

.exception_ranges
 *(.exception_ranges*)

.tdata          0x000000000001d000        0x0
                [!provide]                        PROVIDE (__tdata_start = .)
 *(.tdata .tdata.* .gnu.linkonce.td.*)

.tbss
 *(.tbss .tbss.* .gnu.linkonce.tb.*)
 *(.tcommon)

.preinit_array  0x000000000001d000        0x0
                [!provide]                        PROVIDE (__preinit_array_start = .)
 *(.preinit_array)
                [!provide]                        PROVIDE (__preinit_array_end = .)

.init_array     0x000000000001d000        0x0
                [!provide]                        PROVIDE (__init_array_start = .)
 *(SORT_BY_INIT_PRIORITY(.init_array.*) SORT_BY_INIT_PRIORITY(.ctors.*))
 *(.init_array EXCLUDE_FILE(*crtend?.o *crtend.o *crtbegin?.o *crtbegin.o) .ctors)
                [!provide]                        PROVIDE (__init_array_end = .)

.fini_array     0x000000000001d000        0x0
                [!provide]                        PROVIDE (__fini_array_start = .)
 *(SORT_BY_INIT_PRIORITY(.fini_array.*) SORT_BY_INIT_PRIORITY(.dtors.*))
 *(.fini_array EXCLUDE_FILE(*crtend?.o *crtend.o *crtbegin?.o *crtbegin.o) .dtors)
                [!provide]                        PROVIDE (__fini_array_end = .)

.ctors
 *crtbegin.o(.ctors)
 *crtbegin?.o(.ctors)
 *(EXCLUDE_FILE(*crtend?.o *crtend.o) .ctors)
 *(SORT_BY_NAME(.ctors.*))
 *(.ctors)

.dtors
 *crtbegin.o(.dtors)
 *crtbegin?.o(.dtors)
 *(EXCLUDE_FILE(*crtend?.o *crtend.o) .dtors)
 *(SORT_BY_NAME(.dtors.*))
 *(.dtors)

.jcr
 *(.jcr)

.data.rel.ro
 *(.data.rel.ro.local* .gnu.linkonce.d.rel.ro.local.*)
 *(.data.rel.ro .data.rel.ro.* .gnu.linkonce.d.rel.ro.*)

.dynamic
 *(.dynamic)

.got            0x000000000001d000        0x0
 *(.got)
 .got           0x000000000001d000        0x0 kernel/kernel.o
 *(.igot)
                0x000000000001dff4                . = DATA_SEGMENT_RELRO_END (., (SIZEOF (.got.plt) >= 0xc)?0xc:0x0)

.got.plt        0x000000000001d000        0xc
 *(.got.plt)
 .got.plt       0x000000000001d000        0xc kernel/kernel.o
                0x000000000001d000                _GLOBAL_OFFSET_TABLE_
 *(.igot.plt)
 .igot.plt      0x000000000001d00c        0x0 kernel/kernel.o

.data           0x000000000001d020      0x8e8
 *(.data .data.* .gnu.linkonce.d.*)
 .data          0x000000000001d020        0x2 kernel/kernel.o
 .data          0x000000000001d022        0x0 kernel/start.o
 .data          0x000000000001d022        0x0 kernel/main.o
 *fill*         0x000000000001d022        0x2 
 .data          0x000000000001d024        0x4 kernel/clock.o
                0x000000000001d024                sysseed
 *fill*         0x000000000001d028       0x18 
 .data          0x000000000001d040      0x600 kernel/keyboard.o
                0x000000000001d040                keymap
 .data          0x000000000001d640       0x22 kernel/tty.o
 .data          0x000000000001d662        0x0 kernel/console.o
 .data          0x000000000001d662        0x0 kernel/i8259.o
 *fill*         0x000000000001d662        0x2 
 .data          0x000000000001d664       0x1c kernel/global.o
                0x000000000001d664                dd_map
                0x000000000001d67c                fsbuf
 .data.rel      0x000000000001d680      0x124 kernel/global.o
                0x000000000001d680                task_table
                0x000000000001d720                user_proc_table
                0x000000000001d798                sys_call_table
 .data          0x000000000001d7a4        0x0 kernel/protect.o
 .data          0x000000000001d7a4        0x0 kernel/proc.o
 .data          0x000000000001d7a4        0x0 kernel/systask.o
 .data          0x000000000001d7a4        0x0 kernel/hd.o
 *fill*         0x000000000001d7a4       0x1c 
 .data          0x000000000001d7c0      0x148 lib/game.o
                0x000000000001d7c0                day_of_month
                0x000000000001d7f0                sys_arr
                0x000000000001d800                s_map
                0x000000000001d8e0                direction
                0x000000000001d900                num_stack_count
                0x000000000001d904                ope_stack_count
 .data          0x000000000001d908        0x0 lib/printf.o
 .data          0x000000000001d908        0x0 lib/vsprintf.o
 .data          0x000000000001d908        0x0 lib/klib.o
 .data          0x000000000001d908        0x0 lib/misc.o
 .data          0x000000000001d908        0x0 lib/open.o
 .data          0x000000000001d908        0x0 lib/read.o
 .data          0x000000000001d908        0x0 lib/write.o
 .data          0x000000000001d908        0x0 lib/close.o
 .data          0x000000000001d908        0x0 lib/unlink.o
 .data          0x000000000001d908        0x0 lib/getpid.o
 .data          0x000000000001d908        0x0 lib/syslog.o
 .data          0x000000000001d908        0x0 fs/main.o
 .data          0x000000000001d908        0x0 fs/open.o
 .data          0x000000000001d908        0x0 fs/misc.o
 .data          0x000000000001d908        0x0 fs/read_write.o
 .data          0x000000000001d908        0x0 fs/link.o
 .data          0x000000000001d908        0x0 fs/disklog.o

.data1
 *(.data1)
                0x000000000001d908                _edata = .
                [!provide]                        PROVIDE (edata = .)
                0x000000000001d908                . = .
                0x000000000001d908                __bss_start = .

.bss            0x000000000001d920    0x4063c
 *(.dynbss)
 *(.bss .bss.* .gnu.linkonce.b.*)
 .bss           0x000000000001d920      0x800 kernel/kernel.o
 .bss           0x000000000001e120        0x0 kernel/start.o
 .bss           0x000000000001e120        0x8 kernel/main.o
                0x000000000001e120                currentFileID
                0x000000000001e124                fileNum
 .bss           0x000000000001e128        0x0 kernel/clock.o
 *fill*         0x000000000001e128       0x18 
 .bss           0x000000000001e140       0x58 kernel/keyboard.o
 .bss           0x000000000001e198        0x0 kernel/tty.o
 .bss           0x000000000001e198        0x0 kernel/console.o
 .bss           0x000000000001e198        0x0 kernel/i8259.o
 .bss           0x000000000001e198        0x0 kernel/global.o
 .bss           0x000000000001e198        0x0 kernel/protect.o
 .bss           0x000000000001e198        0x0 kernel/proc.o
 .bss           0x000000000001e198        0x0 kernel/systask.o
 *fill*         0x000000000001e198        0x8 
 .bss           0x000000000001e1a0      0x64c kernel/hd.o
 *fill*         0x000000000001e7ec       0x14 
 .bss           0x000000000001e800      0x530 lib/game.o
                0x000000000001e800                user_arr
                0x000000000001e804                counta
                0x000000000001e808                countb
                0x000000000001e820                map
                0x000000000001e900                boards
                0x000000000001e9e0                row
                0x000000000001e9e4                col
                0x000000000001e9e8                cnt
                0x000000000001e9ec                flag
                0x000000000001e9f0                fflag
                0x000000000001ea00                num_stack
                0x000000000001eba0                ope_stack
 .bss           0x000000000001ed30        0x0 lib/printf.o
 .bss           0x000000000001ed30        0x0 lib/vsprintf.o
 .bss           0x000000000001ed30        0x0 lib/klib.o
 .bss           0x000000000001ed30        0x0 lib/misc.o
 .bss           0x000000000001ed30        0x0 lib/open.o
 .bss           0x000000000001ed30        0x0 lib/read.o
 .bss           0x000000000001ed30        0x0 lib/write.o
 .bss           0x000000000001ed30        0x0 lib/close.o
 .bss           0x000000000001ed30        0x0 lib/unlink.o
 .bss           0x000000000001ed30        0x0 lib/getpid.o
 .bss           0x000000000001ed30        0x0 lib/syslog.o
 .bss           0x000000000001ed30        0x0 fs/main.o
 .bss           0x000000000001ed30        0x0 fs/open.o
 .bss           0x000000000001ed30        0x0 fs/misc.o
 .bss           0x000000000001ed30        0x0 fs/read_write.o
 .bss           0x000000000001ed30        0x0 fs/link.o
 *fill*         0x000000000001ed30       0x10 
 .bss           0x000000000001ed40      0x208 fs/disklog.o
 *(COMMON)
 *fill*         0x000000000001ef48       0x18 
 COMMON         0x000000000001ef60     0x3390 kernel/main.o
                0x000000000001ef60                blocks
                0x0000000000022160                IDLog
 *fill*         0x00000000000222f0       0x10 
 COMMON         0x0000000000022300    0x3b56c kernel/global.o
                0x0000000000022300                idt_ptr
                0x0000000000022320                inode_table
                0x0000000000022e20                task_stack
                0x000000000005ae20                k_reenter
                0x000000000005ae40                gdt
                0x000000000005b240                current_console
                0x000000000005b244                pcaller
                0x000000000005b260                tty_table
                0x000000000005bee0                tss
                0x000000000005bf60                fs_msg
                0x000000000005bfa0                f_desc_table
                0x000000000005c2a0                root_inode
                0x000000000005c2a4                disp_pos
                0x000000000005c2a8                key_pressed
                0x000000000005c2ac                gdt_ptr
                0x000000000005c2c0                idt
                0x000000000005cac0                super_block
                0x000000000005cca0                ticks
                0x000000000005ccc0                console_table
                0x000000000005cd00                irq_table
                0x000000000005cd40                p_proc_ready
                0x000000000005cd60                proc_table
 COMMON         0x000000000005d86c       0x10 kernel/hd.o
                0x000000000005d86c                PARTITION_ENTRY
 *fill*         0x000000000005d87c        0x4 
 COMMON         0x000000000005d880      0x6d9 lib/game.o
                0x000000000005d880                current_year
                0x000000000005d884                month
                0x000000000005d8a0                isp
                0x000000000005daa0                icp
                0x000000000005dca0                current_month
                0x000000000005dcc0                chess_board
                0x000000000005de50                color
                0x000000000005de54                year
                0x000000000005de58                day
                0x000000000005de60                show
                0x000000000005dedc                current_day
                0x000000000005dee0                mine
                0x000000000005df5c                . = ALIGN ((. != 0x0)?0x4:0x1)
 *fill*         0x000000000005df59        0x3 
                0x000000000005df5c                . = ALIGN (0x4)
                0x000000000005df5c                . = SEGMENT_START ("ldata-segment", .)
                0x000000000005df5c                . = ALIGN (0x4)
                0x000000000005df5c                _end = .
                [!provide]                        PROVIDE (end = .)
                0x000000000005df5c                . = DATA_SEGMENT_END (.)

.stab
 *(.stab)

.stabstr
 *(.stabstr)

.stab.excl
 *(.stab.excl)

.stab.exclstr
 *(.stab.exclstr)

.stab.index
 *(.stab.index)

.stab.indexstr
 *(.stab.indexstr)

.comment        0x0000000000000000       0x24
 *(.comment)
 .comment       0x0000000000000000       0x24 kernel/start.o
                                         0x25 (松开之前的大小)
 .comment       0x0000000000000024       0x25 kernel/main.o
 .comment       0x0000000000000024       0x25 kernel/clock.o
 .comment       0x0000000000000024       0x25 kernel/keyboard.o
 .comment       0x0000000000000024       0x25 kernel/tty.o
 .comment       0x0000000000000024       0x25 kernel/console.o
 .comment       0x0000000000000024       0x25 kernel/i8259.o
 .comment       0x0000000000000024       0x25 kernel/global.o
 .comment       0x0000000000000024       0x25 kernel/protect.o
 .comment       0x0000000000000024       0x25 kernel/proc.o
 .comment       0x0000000000000024       0x25 kernel/systask.o
 .comment       0x0000000000000024       0x25 kernel/hd.o
 .comment       0x0000000000000024       0x25 lib/game.o
 .comment       0x0000000000000024       0x25 lib/printf.o
 .comment       0x0000000000000024       0x25 lib/vsprintf.o
 .comment       0x0000000000000024       0x25 lib/klib.o
 .comment       0x0000000000000024       0x25 lib/misc.o
 .comment       0x0000000000000024       0x25 lib/open.o
 .comment       0x0000000000000024       0x25 lib/read.o
 .comment       0x0000000000000024       0x25 lib/write.o
 .comment       0x0000000000000024       0x25 lib/close.o
 .comment       0x0000000000000024       0x25 lib/unlink.o
 .comment       0x0000000000000024       0x25 lib/getpid.o
 .comment       0x0000000000000024       0x25 lib/syslog.o
 .comment       0x0000000000000024       0x25 fs/main.o
 .comment       0x0000000000000024       0x25 fs/open.o
 .comment       0x0000000000000024       0x25 fs/misc.o
 .comment       0x0000000000000024       0x25 fs/read_write.o
 .comment       0x0000000000000024       0x25 fs/link.o
 .comment       0x0000000000000024       0x25 fs/disklog.o

.gnu.build.attributes
 *(.gnu.build.attributes .gnu.build.attributes.*)

.debug
 *(.debug)

.line
 *(.line)

.debug_srcinfo
 *(.debug_srcinfo)

.debug_sfnames
 *(.debug_sfnames)

.debug_aranges
 *(.debug_aranges)

.debug_pubnames
 *(.debug_pubnames)

.debug_info
 *(.debug_info .gnu.linkonce.wi.*)

.debug_abbrev
 *(.debug_abbrev)

.debug_line
 *(.debug_line .debug_line.* .debug_line_end)

.debug_frame
 *(.debug_frame)

.debug_str
 *(.debug_str)

.debug_loc
 *(.debug_loc)

.debug_macinfo
 *(.debug_macinfo)

.debug_weaknames
 *(.debug_weaknames)

.debug_funcnames
 *(.debug_funcnames)

.debug_typenames
 *(.debug_typenames)

.debug_varnames
 *(.debug_varnames)

.debug_pubtypes
 *(.debug_pubtypes)

.debug_ranges
 *(.debug_ranges)

.debug_macro
 *(.debug_macro)

.debug_addr
 *(.debug_addr)

.gnu.attributes
 *(.gnu.attributes)

/DISCARD/
 *(.note.GNU-stack)
 *(.gnu_debuglink)
 *(.gnu.lto_*)
OUTPUT(kernel.bin elf32-i386)
